1 10 21 32 33 35 55 65 80 84 97 100 114 142 151 169 178 184 197 201 219 220 248 258 264 266 273 278 316 321 323 328 334 337 345 360 378 388 393 401 415 423 426 439 445 467 477 478 488
2 4 23 24 26 34 38 39 40 44 51 57 64 72 78 81 88 89 90 96 103 104 107 111 120 134 159 181 186 206 211 228 231 236 238 246 255 267 277 279 286 290 295 304 310 313 314 342 357 367 369 374 375 376 389 395 404 406 409 412 416 435 437 444 452 454 455 459 466 493 496 499
